  Determining projects to restore...
  All projects are up-to-date for restore.
D:\medtrue.in\Controllers\MastersController.cs(52,27): error CS1061: 'MasterRepository' does not contain a definition for 'EnsureCompanySchemaAsync' and no accessible extension method 'EnsureCompanySchemaAsync' accepting a first argument of type 'MasterRepository' could be found (are you missing a using directive or an assembly reference?) [D:\medtrue.in\MedTrueApi.csproj]
D:\medtrue.in\Controllers\MastersController.cs(59,48): error CS1061: 'MasterRepository' does not contain a definition for 'GetPagedAsync' and no accessible extension method 'GetPagedAsync' accepting a first argument of type 'MasterRepository' could be found (are you missing a using directive or an assembly reference?) [D:\medtrue.in\MedTrueApi.csproj]
D:\medtrue.in\Controllers\MastersController.cs(59,14): error CS8130: Cannot infer the type of implicitly-typed deconstruction variable 'items'. [D:\medtrue.in\MedTrueApi.csproj]
D:\medtrue.in\Controllers\MastersController.cs(59,21): error CS8130: Cannot infer the type of implicitly-typed deconstruction variable 'total'. [D:\medtrue.in\MedTrueApi.csproj]
D:\medtrue.in\Controllers\MastersController.cs(74,27): error CS1061: 'MasterRepository' does not contain a definition for 'UpdateCompanyAsync' and no accessible extension method 'UpdateCompanyAsync' accepting a first argument of type 'MasterRepository' could be found (are you missing a using directive or an assembly reference?) [D:\medtrue.in\MedTrueApi.csproj]
D:\medtrue.in\Controllers\MastersController.cs(81,48): error CS1061: 'MasterRepository' does not contain a definition for 'GetPagedAsync' and no accessible extension method 'GetPagedAsync' accepting a first argument of type 'MasterRepository' could be found (are you missing a using directive or an assembly reference?) [D:\medtrue.in\MedTrueApi.csproj]
D:\medtrue.in\Controllers\MastersController.cs(81,14): error CS8130: Cannot infer the type of implicitly-typed deconstruction variable 'items'. [D:\medtrue.in\MedTrueApi.csproj]
D:\medtrue.in\Controllers\MastersController.cs(81,21): error CS8130: Cannot infer the type of implicitly-typed deconstruction variable 'total'. [D:\medtrue.in\MedTrueApi.csproj]
D:\medtrue.in\Controllers\MastersController.cs(96,27): error CS1061: 'MasterRepository' does not contain a definition for 'UpdateSaltAsync' and no accessible extension method 'UpdateSaltAsync' accepting a first argument of type 'MasterRepository' could be found (are you missing a using directive or an assembly reference?) [D:\medtrue.in\MedTrueApi.csproj]
D:\medtrue.in\Controllers\MastersController.cs(103,48): error CS1061: 'MasterRepository' does not contain a definition for 'GetPagedAsync' and no accessible extension method 'GetPagedAsync' accepting a first argument of type 'MasterRepository' could be found (are you missing a using directive or an assembly reference?) [D:\medtrue.in\MedTrueApi.csproj]
D:\medtrue.in\Controllers\MastersController.cs(103,14): error CS8130: Cannot infer the type of implicitly-typed deconstruction variable 'items'. [D:\medtrue.in\MedTrueApi.csproj]
D:\medtrue.in\Controllers\MastersController.cs(103,21): error CS8130: Cannot infer the type of implicitly-typed deconstruction variable 'total'. [D:\medtrue.in\MedTrueApi.csproj]
D:\medtrue.in\Controllers\MastersController.cs(125,48): error CS1061: 'MasterRepository' does not contain a definition for 'GetPagedAsync' and no accessible extension method 'GetPagedAsync' accepting a first argument of type 'MasterRepository' could be found (are you missing a using directive or an assembly reference?) [D:\medtrue.in\MedTrueApi.csproj]
D:\medtrue.in\Controllers\MastersController.cs(125,14): error CS8130: Cannot infer the type of implicitly-typed deconstruction variable 'items'. [D:\medtrue.in\MedTrueApi.csproj]
D:\medtrue.in\Controllers\MastersController.cs(125,21): error CS8130: Cannot infer the type of implicitly-typed deconstruction variable 'total'. [D:\medtrue.in\MedTrueApi.csproj]
D:\medtrue.in\Controllers\MastersController.cs(140,27): error CS1061: 'MasterRepository' does not contain a definition for 'UpdateUnitAsync' and no accessible extension method 'UpdateUnitAsync' accepting a first argument of type 'MasterRepository' could be found (are you missing a using directive or an assembly reference?) [D:\medtrue.in\MedTrueApi.csproj]
D:\medtrue.in\Controllers\MastersController.cs(147,48): error CS1061: 'MasterRepository' does not contain a definition for 'GetPagedAsync' and no accessible extension method 'GetPagedAsync' accepting a first argument of type 'MasterRepository' could be found (are you missing a using directive or an assembly reference?) [D:\medtrue.in\MedTrueApi.csproj]
D:\medtrue.in\Controllers\MastersController.cs(147,14): error CS8130: Cannot infer the type of implicitly-typed deconstruction variable 'items'. [D:\medtrue.in\MedTrueApi.csproj]
D:\medtrue.in\Controllers\MastersController.cs(147,21): error CS8130: Cannot infer the type of implicitly-typed deconstruction variable 'total'. [D:\medtrue.in\MedTrueApi.csproj]
D:\medtrue.in\Controllers\MastersController.cs(154,36): error CS1061: 'MasterRepository' does not contain a definition for 'CreateItemTypeAsync' and no accessible extension method 'CreateItemTypeAsync' accepting a first argument of type 'MasterRepository' could be found (are you missing a using directive or an assembly reference?) [D:\medtrue.in\MedTrueApi.csproj]
D:\medtrue.in\Controllers\MastersController.cs(162,27): error CS1061: 'MasterRepository' does not contain a definition for 'UpdateItemTypeAsync' and no accessible extension method 'UpdateItemTypeAsync' accepting a first argument of type 'MasterRepository' could be found (are you missing a using directive or an assembly reference?) [D:\medtrue.in\MedTrueApi.csproj]
D:\medtrue.in\Controllers\MastersController.cs(170,48): error CS1061: 'MasterRepository' does not contain a definition for 'GetPagedAsync' and no accessible extension method 'GetPagedAsync' accepting a first argument of type 'MasterRepository' could be found (are you missing a using directive or an assembly reference?) [D:\medtrue.in\MedTrueApi.csproj]
D:\medtrue.in\Controllers\MastersController.cs(170,14): error CS8130: Cannot infer the type of implicitly-typed deconstruction variable 'items'. [D:\medtrue.in\MedTrueApi.csproj]
D:\medtrue.in\Controllers\MastersController.cs(170,21): error CS8130: Cannot infer the type of implicitly-typed deconstruction variable 'total'. [D:\medtrue.in\MedTrueApi.csproj]
D:\medtrue.in\Controllers\MastersController.cs(185,27): error CS1061: 'MasterRepository' does not contain a definition for 'UpdateHsnCodeAsync' and no accessible extension method 'UpdateHsnCodeAsync' accepting a first argument of type 'MasterRepository' could be found (are you missing a using directive or an assembly reference?) [D:\medtrue.in\MedTrueApi.csproj]
D:\medtrue.in\Controllers\MastersController.cs(192,27): error CS1061: 'MasterRepository' does not contain a definition for 'DeleteHsnCodeAsync' and no accessible extension method 'DeleteHsnCodeAsync' accepting a first argument of type 'MasterRepository' could be found (are you missing a using directive or an assembly reference?) [D:\medtrue.in\MedTrueApi.csproj]
D:\medtrue.in\Controllers\MastersController.cs(200,48): error CS1061: 'MasterRepository' does not contain a definition for 'GetPagedAsync' and no accessible extension method 'GetPagedAsync' accepting a first argument of type 'MasterRepository' could be found (are you missing a using directive or an assembly reference?) [D:\medtrue.in\MedTrueApi.csproj]
D:\medtrue.in\Controllers\MastersController.cs(200,14): error CS8130: Cannot infer the type of implicitly-typed deconstruction variable 'items'. [D:\medtrue.in\MedTrueApi.csproj]
D:\medtrue.in\Controllers\MastersController.cs(200,21): error CS8130: Cannot infer the type of implicitly-typed deconstruction variable 'total'. [D:\medtrue.in\MedTrueApi.csproj]
D:\medtrue.in\Program.cs(37,22): error CS1061: 'MasterRepository' does not contain a definition for 'EnsureSaltSchemaAsync' and no accessible extension method 'EnsureSaltSchemaAsync' accepting a first argument of type 'MasterRepository' could be found (are you missing a using directive or an assembly reference?) [D:\medtrue.in\MedTrueApi.csproj]
D:\medtrue.in\Program.cs(38,22): error CS1061: 'MasterRepository' does not contain a definition for 'EnsureCompanySchemaAsync' and no accessible extension method 'EnsureCompanySchemaAsync' accepting a first argument of type 'MasterRepository' could be found (are you missing a using directive or an assembly reference?) [D:\medtrue.in\MedTrueApi.csproj]
D:\medtrue.in\Program.cs(39,22): error CS1061: 'MasterRepository' does not contain a definition for 'EnsureUnitSchemaAsync' and no accessible extension method 'EnsureUnitSchemaAsync' accepting a first argument of type 'MasterRepository' could be found (are you missing a using directive or an assembly reference?) [D:\medtrue.in\MedTrueApi.csproj]
D:\medtrue.in\Program.cs(40,22): error CS1061: 'MasterRepository' does not contain a definition for 'EnsureCategorySchemaAsync' and no accessible extension method 'EnsureCategorySchemaAsync' accepting a first argument of type 'MasterRepository' could be found (are you missing a using directive or an assembly reference?) [D:\medtrue.in\MedTrueApi.csproj]
D:\medtrue.in\Program.cs(41,22): error CS1061: 'MasterRepository' does not contain a definition for 'EnsurePackingSizeSchemaAsync' and no accessible extension method 'EnsurePackingSizeSchemaAsync' accepting a first argument of type 'MasterRepository' could be found (are you missing a using directive or an assembly reference?) [D:\medtrue.in\MedTrueApi.csproj]
D:\medtrue.in\Program.cs(42,22): error CS1061: 'MasterRepository' does not contain a definition for 'EnsureHsnSchemaAsync' and no accessible extension method 'EnsureHsnSchemaAsync' accepting a first argument of type 'MasterRepository' could be found (are you missing a using directive or an assembly reference?) [D:\medtrue.in\MedTrueApi.csproj]
D:\medtrue.in\Controllers\MastersController.cs(207,36): error CS1061: 'MasterRepository' does not contain a definition for 'CreatePackingSizeAsync' and no accessible extension method 'CreatePackingSizeAsync' accepting a first argument of type 'MasterRepository' could be found (are you missing a using directive or an assembly reference?) [D:\medtrue.in\MedTrueApi.csproj]
D:\medtrue.in\Controllers\MastersController.cs(215,27): error CS1061: 'MasterRepository' does not contain a definition for 'UpdatePackingSizeAsync' and no accessible extension method 'UpdatePackingSizeAsync' accepting a first argument of type 'MasterRepository' could be found (are you missing a using directive or an assembly reference?) [D:\medtrue.in\MedTrueApi.csproj]
D:\medtrue.in\Controllers\MastersController.cs(222,27): error CS1061: 'MasterRepository' does not contain a definition for 'DeletePackingSizeAsync' and no accessible extension method 'DeletePackingSizeAsync' accepting a first argument of type 'MasterRepository' could be found (are you missing a using directive or an assembly reference?) [D:\medtrue.in\MedTrueApi.csproj]
D:\medtrue.in\Controllers\MastersController.cs(235,43): error CS1061: 'MasterRepository' does not contain a definition for 'ImportMasterDataAsync' and no accessible extension method 'ImportMasterDataAsync' accepting a first argument of type 'MasterRepository' could be found (are you missing a using directive or an assembly reference?) [D:\medtrue.in\MedTrueApi.csproj]
D:\medtrue.in\Controllers\MastersController.cs(317,27): error CS1061: 'MasterRepository' does not contain a definition for 'DeleteCompanyAsync' and no accessible extension method 'DeleteCompanyAsync' accepting a first argument of type 'MasterRepository' could be found (are you missing a using directive or an assembly reference?) [D:\medtrue.in\MedTrueApi.csproj]
D:\medtrue.in\Controllers\MastersController.cs(324,27): error CS1061: 'MasterRepository' does not contain a definition for 'DeleteSaltAsync' and no accessible extension method 'DeleteSaltAsync' accepting a first argument of type 'MasterRepository' could be found (are you missing a using directive or an assembly reference?) [D:\medtrue.in\MedTrueApi.csproj]
D:\medtrue.in\Controllers\MastersController.cs(331,27): error CS1061: 'MasterRepository' does not contain a definition for 'DeleteCategoryAsync' and no accessible extension method 'DeleteCategoryAsync' accepting a first argument of type 'MasterRepository' could be found (are you missing a using directive or an assembly reference?) [D:\medtrue.in\MedTrueApi.csproj]
D:\medtrue.in\Controllers\MastersController.cs(338,27): error CS1061: 'MasterRepository' does not contain a definition for 'DeleteUnitAsync' and no accessible extension method 'DeleteUnitAsync' accepting a first argument of type 'MasterRepository' could be found (are you missing a using directive or an assembly reference?) [D:\medtrue.in\MedTrueApi.csproj]
D:\medtrue.in\Controllers\MastersController.cs(345,27): error CS1061: 'MasterRepository' does not contain a definition for 'DeleteItemTypeAsync' and no accessible extension method 'DeleteItemTypeAsync' accepting a first argument of type 'MasterRepository' could be found (are you missing a using directive or an assembly reference?) [D:\medtrue.in\MedTrueApi.csproj]
D:\medtrue.in\Repositories\MasterRepository.cs(133,50): error CS0200: Property or indexer 'Category.Name' cannot be assigned to -- it is read only [D:\medtrue.in\MedTrueApi.csproj]

Build FAILED.

D:\medtrue.in\Controllers\MastersController.cs(52,27): error CS1061: 'MasterRepository' does not contain a definition for 'EnsureCompanySchemaAsync' and no accessible extension method 'EnsureCompanySchemaAsync' accepting a first argument of type 'MasterRepository' could be found (are you missing a using directive or an assembly reference?) [D:\medtrue.in\MedTrueApi.csproj]
D:\medtrue.in\Controllers\MastersController.cs(59,48): error CS1061: 'MasterRepository' does not contain a definition for 'GetPagedAsync' and no accessible extension method 'GetPagedAsync' accepting a first argument of type 'MasterRepository' could be found (are you missing a using directive or an assembly reference?) [D:\medtrue.in\MedTrueApi.csproj]
D:\medtrue.in\Controllers\MastersController.cs(59,14): error CS8130: Cannot infer the type of implicitly-typed deconstruction variable 'items'. [D:\medtrue.in\MedTrueApi.csproj]
D:\medtrue.in\Controllers\MastersController.cs(59,21): error CS8130: Cannot infer the type of implicitly-typed deconstruction variable 'total'. [D:\medtrue.in\MedTrueApi.csproj]
D:\medtrue.in\Controllers\MastersController.cs(74,27): error CS1061: 'MasterRepository' does not contain a definition for 'UpdateCompanyAsync' and no accessible extension method 'UpdateCompanyAsync' accepting a first argument of type 'MasterRepository' could be found (are you missing a using directive or an assembly reference?) [D:\medtrue.in\MedTrueApi.csproj]
D:\medtrue.in\Controllers\MastersController.cs(81,48): error CS1061: 'MasterRepository' does not contain a definition for 'GetPagedAsync' and no accessible extension method 'GetPagedAsync' accepting a first argument of type 'MasterRepository' could be found (are you missing a using directive or an assembly reference?) [D:\medtrue.in\MedTrueApi.csproj]
D:\medtrue.in\Controllers\MastersController.cs(81,14): error CS8130: Cannot infer the type of implicitly-typed deconstruction variable 'items'. [D:\medtrue.in\MedTrueApi.csproj]
D:\medtrue.in\Controllers\MastersController.cs(81,21): error CS8130: Cannot infer the type of implicitly-typed deconstruction variable 'total'. [D:\medtrue.in\MedTrueApi.csproj]
D:\medtrue.in\Controllers\MastersController.cs(96,27): error CS1061: 'MasterRepository' does not contain a definition for 'UpdateSaltAsync' and no accessible extension method 'UpdateSaltAsync' accepting a first argument of type 'MasterRepository' could be found (are you missing a using directive or an assembly reference?) [D:\medtrue.in\MedTrueApi.csproj]
D:\medtrue.in\Controllers\MastersController.cs(103,48): error CS1061: 'MasterRepository' does not contain a definition for 'GetPagedAsync' and no accessible extension method 'GetPagedAsync' accepting a first argument of type 'MasterRepository' could be found (are you missing a using directive or an assembly reference?) [D:\medtrue.in\MedTrueApi.csproj]
D:\medtrue.in\Controllers\MastersController.cs(103,14): error CS8130: Cannot infer the type of implicitly-typed deconstruction variable 'items'. [D:\medtrue.in\MedTrueApi.csproj]
D:\medtrue.in\Controllers\MastersController.cs(103,21): error CS8130: Cannot infer the type of implicitly-typed deconstruction variable 'total'. [D:\medtrue.in\MedTrueApi.csproj]
D:\medtrue.in\Controllers\MastersController.cs(125,48): error CS1061: 'MasterRepository' does not contain a definition for 'GetPagedAsync' and no accessible extension method 'GetPagedAsync' accepting a first argument of type 'MasterRepository' could be found (are you missing a using directive or an assembly reference?) [D:\medtrue.in\MedTrueApi.csproj]
D:\medtrue.in\Controllers\MastersController.cs(125,14): error CS8130: Cannot infer the type of implicitly-typed deconstruction variable 'items'. [D:\medtrue.in\MedTrueApi.csproj]
D:\medtrue.in\Controllers\MastersController.cs(125,21): error CS8130: Cannot infer the type of implicitly-typed deconstruction variable 'total'. [D:\medtrue.in\MedTrueApi.csproj]
D:\medtrue.in\Controllers\MastersController.cs(140,27): error CS1061: 'MasterRepository' does not contain a definition for 'UpdateUnitAsync' and no accessible extension method 'UpdateUnitAsync' accepting a first argument of type 'MasterRepository' could be found (are you missing a using directive or an assembly reference?) [D:\medtrue.in\MedTrueApi.csproj]
D:\medtrue.in\Controllers\MastersController.cs(147,48): error CS1061: 'MasterRepository' does not contain a definition for 'GetPagedAsync' and no accessible extension method 'GetPagedAsync' accepting a first argument of type 'MasterRepository' could be found (are you missing a using directive or an assembly reference?) [D:\medtrue.in\MedTrueApi.csproj]
D:\medtrue.in\Controllers\MastersController.cs(147,14): error CS8130: Cannot infer the type of implicitly-typed deconstruction variable 'items'. [D:\medtrue.in\MedTrueApi.csproj]
D:\medtrue.in\Controllers\MastersController.cs(147,21): error CS8130: Cannot infer the type of implicitly-typed deconstruction variable 'total'. [D:\medtrue.in\MedTrueApi.csproj]
D:\medtrue.in\Controllers\MastersController.cs(154,36): error CS1061: 'MasterRepository' does not contain a definition for 'CreateItemTypeAsync' and no accessible extension method 'CreateItemTypeAsync' accepting a first argument of type 'MasterRepository' could be found (are you missing a using directive or an assembly reference?) [D:\medtrue.in\MedTrueApi.csproj]
D:\medtrue.in\Controllers\MastersController.cs(162,27): error CS1061: 'MasterRepository' does not contain a definition for 'UpdateItemTypeAsync' and no accessible extension method 'UpdateItemTypeAsync' accepting a first argument of type 'MasterRepository' could be found (are you missing a using directive or an assembly reference?) [D:\medtrue.in\MedTrueApi.csproj]
D:\medtrue.in\Controllers\MastersController.cs(170,48): error CS1061: 'MasterRepository' does not contain a definition for 'GetPagedAsync' and no accessible extension method 'GetPagedAsync' accepting a first argument of type 'MasterRepository' could be found (are you missing a using directive or an assembly reference?) [D:\medtrue.in\MedTrueApi.csproj]
D:\medtrue.in\Controllers\MastersController.cs(170,14): error CS8130: Cannot infer the type of implicitly-typed deconstruction variable 'items'. [D:\medtrue.in\MedTrueApi.csproj]
D:\medtrue.in\Controllers\MastersController.cs(170,21): error CS8130: Cannot infer the type of implicitly-typed deconstruction variable 'total'. [D:\medtrue.in\MedTrueApi.csproj]
D:\medtrue.in\Controllers\MastersController.cs(185,27): error CS1061: 'MasterRepository' does not contain a definition for 'UpdateHsnCodeAsync' and no accessible extension method 'UpdateHsnCodeAsync' accepting a first argument of type 'MasterRepository' could be found (are you missing a using directive or an assembly reference?) [D:\medtrue.in\MedTrueApi.csproj]
D:\medtrue.in\Controllers\MastersController.cs(192,27): error CS1061: 'MasterRepository' does not contain a definition for 'DeleteHsnCodeAsync' and no accessible extension method 'DeleteHsnCodeAsync' accepting a first argument of type 'MasterRepository' could be found (are you missing a using directive or an assembly reference?) [D:\medtrue.in\MedTrueApi.csproj]
D:\medtrue.in\Controllers\MastersController.cs(200,48): error CS1061: 'MasterRepository' does not contain a definition for 'GetPagedAsync' and no accessible extension method 'GetPagedAsync' accepting a first argument of type 'MasterRepository' could be found (are you missing a using directive or an assembly reference?) [D:\medtrue.in\MedTrueApi.csproj]
D:\medtrue.in\Controllers\MastersController.cs(200,14): error CS8130: Cannot infer the type of implicitly-typed deconstruction variable 'items'. [D:\medtrue.in\MedTrueApi.csproj]
D:\medtrue.in\Controllers\MastersController.cs(200,21): error CS8130: Cannot infer the type of implicitly-typed deconstruction variable 'total'. [D:\medtrue.in\MedTrueApi.csproj]
D:\medtrue.in\Program.cs(37,22): error CS1061: 'MasterRepository' does not contain a definition for 'EnsureSaltSchemaAsync' and no accessible extension method 'EnsureSaltSchemaAsync' accepting a first argument of type 'MasterRepository' could be found (are you missing a using directive or an assembly reference?) [D:\medtrue.in\MedTrueApi.csproj]
D:\medtrue.in\Program.cs(38,22): error CS1061: 'MasterRepository' does not contain a definition for 'EnsureCompanySchemaAsync' and no accessible extension method 'EnsureCompanySchemaAsync' accepting a first argument of type 'MasterRepository' could be found (are you missing a using directive or an assembly reference?) [D:\medtrue.in\MedTrueApi.csproj]
D:\medtrue.in\Program.cs(39,22): error CS1061: 'MasterRepository' does not contain a definition for 'EnsureUnitSchemaAsync' and no accessible extension method 'EnsureUnitSchemaAsync' accepting a first argument of type 'MasterRepository' could be found (are you missing a using directive or an assembly reference?) [D:\medtrue.in\MedTrueApi.csproj]
D:\medtrue.in\Program.cs(40,22): error CS1061: 'MasterRepository' does not contain a definition for 'EnsureCategorySchemaAsync' and no accessible extension method 'EnsureCategorySchemaAsync' accepting a first argument of type 'MasterRepository' could be found (are you missing a using directive or an assembly reference?) [D:\medtrue.in\MedTrueApi.csproj]
D:\medtrue.in\Program.cs(41,22): error CS1061: 'MasterRepository' does not contain a definition for 'EnsurePackingSizeSchemaAsync' and no accessible extension method 'EnsurePackingSizeSchemaAsync' accepting a first argument of type 'MasterRepository' could be found (are you missing a using directive or an assembly reference?) [D:\medtrue.in\MedTrueApi.csproj]
D:\medtrue.in\Program.cs(42,22): error CS1061: 'MasterRepository' does not contain a definition for 'EnsureHsnSchemaAsync' and no accessible extension method 'EnsureHsnSchemaAsync' accepting a first argument of type 'MasterRepository' could be found (are you missing a using directive or an assembly reference?) [D:\medtrue.in\MedTrueApi.csproj]
D:\medtrue.in\Controllers\MastersController.cs(207,36): error CS1061: 'MasterRepository' does not contain a definition for 'CreatePackingSizeAsync' and no accessible extension method 'CreatePackingSizeAsync' accepting a first argument of type 'MasterRepository' could be found (are you missing a using directive or an assembly reference?) [D:\medtrue.in\MedTrueApi.csproj]
D:\medtrue.in\Controllers\MastersController.cs(215,27): error CS1061: 'MasterRepository' does not contain a definition for 'UpdatePackingSizeAsync' and no accessible extension method 'UpdatePackingSizeAsync' accepting a first argument of type 'MasterRepository' could be found (are you missing a using directive or an assembly reference?) [D:\medtrue.in\MedTrueApi.csproj]
D:\medtrue.in\Controllers\MastersController.cs(222,27): error CS1061: 'MasterRepository' does not contain a definition for 'DeletePackingSizeAsync' and no accessible extension method 'DeletePackingSizeAsync' accepting a first argument of type 'MasterRepository' could be found (are you missing a using directive or an assembly reference?) [D:\medtrue.in\MedTrueApi.csproj]
D:\medtrue.in\Controllers\MastersController.cs(235,43): error CS1061: 'MasterRepository' does not contain a definition for 'ImportMasterDataAsync' and no accessible extension method 'ImportMasterDataAsync' accepting a first argument of type 'MasterRepository' could be found (are you missing a using directive or an assembly reference?) [D:\medtrue.in\MedTrueApi.csproj]
D:\medtrue.in\Controllers\MastersController.cs(317,27): error CS1061: 'MasterRepository' does not contain a definition for 'DeleteCompanyAsync' and no accessible extension method 'DeleteCompanyAsync' accepting a first argument of type 'MasterRepository' could be found (are you missing a using directive or an assembly reference?) [D:\medtrue.in\MedTrueApi.csproj]
D:\medtrue.in\Controllers\MastersController.cs(324,27): error CS1061: 'MasterRepository' does not contain a definition for 'DeleteSaltAsync' and no accessible extension method 'DeleteSaltAsync' accepting a first argument of type 'MasterRepository' could be found (are you missing a using directive or an assembly reference?) [D:\medtrue.in\MedTrueApi.csproj]
D:\medtrue.in\Controllers\MastersController.cs(331,27): error CS1061: 'MasterRepository' does not contain a definition for 'DeleteCategoryAsync' and no accessible extension method 'DeleteCategoryAsync' accepting a first argument of type 'MasterRepository' could be found (are you missing a using directive or an assembly reference?) [D:\medtrue.in\MedTrueApi.csproj]
D:\medtrue.in\Controllers\MastersController.cs(338,27): error CS1061: 'MasterRepository' does not contain a definition for 'DeleteUnitAsync' and no accessible extension method 'DeleteUnitAsync' accepting a first argument of type 'MasterRepository' could be found (are you missing a using directive or an assembly reference?) [D:\medtrue.in\MedTrueApi.csproj]
D:\medtrue.in\Controllers\MastersController.cs(345,27): error CS1061: 'MasterRepository' does not contain a definition for 'DeleteItemTypeAsync' and no accessible extension method 'DeleteItemTypeAsync' accepting a first argument of type 'MasterRepository' could be found (are you missing a using directive or an assembly reference?) [D:\medtrue.in\MedTrueApi.csproj]
D:\medtrue.in\Repositories\MasterRepository.cs(133,50): error CS0200: Property or indexer 'Category.Name' cannot be assigned to -- it is read only [D:\medtrue.in\MedTrueApi.csproj]
    0 Warning(s)
    45 Error(s)

Time Elapsed 00:00:05.54
